Archive member included to satisfy reference by file (symbol)

/usr/lib/gcc/arm-none-eabi/6.3.1/../../../arm-none-eabi/lib/thumb/v7e-m/fpv4-sp/hard/libc.a(lib_a-clock.o)
                              main.o (clock)
/usr/lib/gcc/arm-none-eabi/6.3.1/../../../arm-none-eabi/lib/thumb/v7e-m/fpv4-sp/hard/libc.a(lib_a-impure.o)
                              /usr/lib/gcc/arm-none-eabi/6.3.1/../../../arm-none-eabi/lib/thumb/v7e-m/fpv4-sp/hard/libc.a(lib_a-clock.o) (_impure_ptr)
/usr/lib/gcc/arm-none-eabi/6.3.1/../../../arm-none-eabi/lib/thumb/v7e-m/fpv4-sp/hard/libc.a(lib_a-timesr.o)
                              /usr/lib/gcc/arm-none-eabi/6.3.1/../../../arm-none-eabi/lib/thumb/v7e-m/fpv4-sp/hard/libc.a(lib_a-clock.o) (_times_r)
/usr/lib/gcc/arm-none-eabi/6.3.1/../../../arm-none-eabi/lib/thumb/v7e-m/fpv4-sp/hard/libnosys.a(times.o)
                              /usr/lib/gcc/arm-none-eabi/6.3.1/../../../arm-none-eabi/lib/thumb/v7e-m/fpv4-sp/hard/libc.a(lib_a-timesr.o) (_times)
/usr/lib/gcc/arm-none-eabi/6.3.1/../../../arm-none-eabi/lib/thumb/v7e-m/fpv4-sp/hard/libnosys.a(errno.o)
                              /usr/lib/gcc/arm-none-eabi/6.3.1/../../../arm-none-eabi/lib/thumb/v7e-m/fpv4-sp/hard/libnosys.a(times.o) (errno)
../../common//libstmcommon.a(system_stm32f4xx.o)
                              ../../common/as/startup_stm32f40_41xxx.o (SystemInit)
../../stm_spl//libstm_spl.a(stm32f4xx_gpio.o)
                              main.o (GPIO_Init)
../../stm_spl//libstm_spl.a(stm32f4xx_rcc.o)
                              main.o (RCC_HSEConfig)

Allocating common symbols
Common symbol       size              file

errno               0x4               /usr/lib/gcc/arm-none-eabi/6.3.1/../../../arm-none-eabi/lib/thumb/v7e-m/fpv4-sp/hard/libnosys.a(errno.o)

Discarded input sections

 .text          0x0000000000000000        0x0 main.o
 .data          0x0000000000000000        0x0 main.o
 .bss           0x0000000000000000        0x0 main.o
 .text.delay    0x0000000000000000       0x32 main.o
 .text          0x0000000000000000       0x14 ../../common/as/startup_stm32f40_41xxx.o
 .data          0x0000000000000000        0x0 ../../common/as/startup_stm32f40_41xxx.o
 .bss           0x0000000000000000        0x0 ../../common/as/startup_stm32f40_41xxx.o
 .text          0x0000000000000000       0x28 /usr/lib/gcc/arm-none-eabi/6.3.1/../../../arm-none-eabi/lib/thumb/v7e-m/fpv4-sp/hard/libc.a(lib_a-clock.o)
 .data          0x0000000000000000        0x0 /usr/lib/gcc/arm-none-eabi/6.3.1/../../../arm-none-eabi/lib/thumb/v7e-m/fpv4-sp/hard/libc.a(lib_a-clock.o)
 .bss           0x0000000000000000        0x0 /usr/lib/gcc/arm-none-eabi/6.3.1/../../../arm-none-eabi/lib/thumb/v7e-m/fpv4-sp/hard/libc.a(lib_a-clock.o)
 .debug_info    0x0000000000000000      0x951 /usr/lib/gcc/arm-none-eabi/6.3.1/../../../arm-none-eabi/lib/thumb/v7e-m/fpv4-sp/hard/libc.a(lib_a-clock.o)
 .debug_abbrev  0x0000000000000000      0x1f7 /usr/lib/gcc/arm-none-eabi/6.3.1/../../../arm-none-eabi/lib/thumb/v7e-m/fpv4-sp/hard/libc.a(lib_a-clock.o)
 .debug_loc     0x0000000000000000       0x2b /usr/lib/gcc/arm-none-eabi/6.3.1/../../../arm-none-eabi/lib/thumb/v7e-m/fpv4-sp/hard/libc.a(lib_a-clock.o)
 .debug_aranges
                0x0000000000000000       0x20 /usr/lib/gcc/arm-none-eabi/6.3.1/../../../arm-none-eabi/lib/thumb/v7e-m/fpv4-sp/hard/libc.a(lib_a-clock.o)
 .debug_line    0x0000000000000000      0x16b /usr/lib/gcc/arm-none-eabi/6.3.1/../../../arm-none-eabi/lib/thumb/v7e-m/fpv4-sp/hard/libc.a(lib_a-clock.o)
 .debug_str     0x0000000000000000      0x614 /usr/lib/gcc/arm-none-eabi/6.3.1/../../../arm-none-eabi/lib/thumb/v7e-m/fpv4-sp/hard/libc.a(lib_a-clock.o)
 .comment       0x0000000000000000       0x32 /usr/lib/gcc/arm-none-eabi/6.3.1/../../../arm-none-eabi/lib/thumb/v7e-m/fpv4-sp/hard/libc.a(lib_a-clock.o)
 .debug_frame   0x0000000000000000       0x2c /usr/lib/gcc/arm-none-eabi/6.3.1/../../../arm-none-eabi/lib/thumb/v7e-m/fpv4-sp/hard/libc.a(lib_a-clock.o)
 .ARM.attributes
                0x0000000000000000       0x34 /usr/lib/gcc/arm-none-eabi/6.3.1/../../../arm-none-eabi/lib/thumb/v7e-m/fpv4-sp/hard/libc.a(lib_a-clock.o)
 .text          0x0000000000000000        0x0 /usr/lib/gcc/arm-none-eabi/6.3.1/../../../arm-none-eabi/lib/thumb/v7e-m/fpv4-sp/hard/libc.a(lib_a-impure.o)
 .data          0x0000000000000000      0x430 /usr/lib/gcc/arm-none-eabi/6.3.1/../../../arm-none-eabi/lib/thumb/v7e-m/fpv4-sp/hard/libc.a(lib_a-impure.o)
 .bss           0x0000000000000000        0x0 /usr/lib/gcc/arm-none-eabi/6.3.1/../../../arm-none-eabi/lib/thumb/v7e-m/fpv4-sp/hard/libc.a(lib_a-impure.o)
 .rodata        0x0000000000000000        0x4 /usr/lib/gcc/arm-none-eabi/6.3.1/../../../arm-none-eabi/lib/thumb/v7e-m/fpv4-sp/hard/libc.a(lib_a-impure.o)
 .rodata.str1.4
                0x0000000000000000        0x2 /usr/lib/gcc/arm-none-eabi/6.3.1/../../../arm-none-eabi/lib/thumb/v7e-m/fpv4-sp/hard/libc.a(lib_a-impure.o)
 .debug_info    0x0000000000000000      0x8a5 /usr/lib/gcc/arm-none-eabi/6.3.1/../../../arm-none-eabi/lib/thumb/v7e-m/fpv4-sp/hard/libc.a(lib_a-impure.o)
 .debug_abbrev  0x0000000000000000      0x189 /usr/lib/gcc/arm-none-eabi/6.3.1/../../../arm-none-eabi/lib/thumb/v7e-m/fpv4-sp/hard/libc.a(lib_a-impure.o)
 .debug_aranges
                0x0000000000000000       0x18 /usr/lib/gcc/arm-none-eabi/6.3.1/../../../arm-none-eabi/lib/thumb/v7e-m/fpv4-sp/hard/libc.a(lib_a-impure.o)
 .debug_line    0x0000000000000000       0xef /usr/lib/gcc/arm-none-eabi/6.3.1/../../../arm-none-eabi/lib/thumb/v7e-m/fpv4-sp/hard/libc.a(lib_a-impure.o)
 .debug_str     0x0000000000000000      0x5c0 /usr/lib/gcc/arm-none-eabi/6.3.1/../../../arm-none-eabi/lib/thumb/v7e-m/fpv4-sp/hard/libc.a(lib_a-impure.o)
 .comment       0x0000000000000000       0x32 /usr/lib/gcc/arm-none-eabi/6.3.1/../../../arm-none-eabi/lib/thumb/v7e-m/fpv4-sp/hard/libc.a(lib_a-impure.o)
 .ARM.attributes
                0x0000000000000000       0x34 /usr/lib/gcc/arm-none-eabi/6.3.1/../../../arm-none-eabi/lib/thumb/v7e-m/fpv4-sp/hard/libc.a(lib_a-impure.o)
 .text          0x0000000000000000        0x8 /usr/lib/gcc/arm-none-eabi/6.3.1/../../../arm-none-eabi/lib/thumb/v7e-m/fpv4-sp/hard/libc.a(lib_a-timesr.o)
 .data          0x0000000000000000        0x0 /usr/lib/gcc/arm-none-eabi/6.3.1/../../../arm-none-eabi/lib/thumb/v7e-m/fpv4-sp/hard/libc.a(lib_a-timesr.o)
 .bss           0x0000000000000000        0x0 /usr/lib/gcc/arm-none-eabi/6.3.1/../../../arm-none-eabi/lib/thumb/v7e-m/fpv4-sp/hard/libc.a(lib_a-timesr.o)
 .debug_info    0x0000000000000000      0x980 /usr/lib/gcc/arm-none-eabi/6.3.1/../../../arm-none-eabi/lib/thumb/v7e-m/fpv4-sp/hard/libc.a(lib_a-timesr.o)
 .debug_abbrev  0x0000000000000000      0x21f /usr/lib/gcc/arm-none-eabi/6.3.1/../../../arm-none-eabi/lib/thumb/v7e-m/fpv4-sp/hard/libc.a(lib_a-timesr.o)
 .debug_loc     0x0000000000000000       0x42 /usr/lib/gcc/arm-none-eabi/6.3.1/../../../arm-none-eabi/lib/thumb/v7e-m/fpv4-sp/hard/libc.a(lib_a-timesr.o)
 .debug_aranges
                0x0000000000000000       0x20 /usr/lib/gcc/arm-none-eabi/6.3.1/../../../arm-none-eabi/lib/thumb/v7e-m/fpv4-sp/hard/libc.a(lib_a-timesr.o)
 .debug_line    0x0000000000000000      0x169 /usr/lib/gcc/arm-none-eabi/6.3.1/../../../arm-none-eabi/lib/thumb/v7e-m/fpv4-sp/hard/libc.a(lib_a-timesr.o)
 .debug_str     0x0000000000000000      0x61d /usr/lib/gcc/arm-none-eabi/6.3.1/../../../arm-none-eabi/lib/thumb/v7e-m/fpv4-sp/hard/libc.a(lib_a-timesr.o)
 .comment       0x0000000000000000       0x32 /usr/lib/gcc/arm-none-eabi/6.3.1/../../../arm-none-eabi/lib/thumb/v7e-m/fpv4-sp/hard/libc.a(lib_a-timesr.o)
 .debug_frame   0x0000000000000000       0x20 /usr/lib/gcc/arm-none-eabi/6.3.1/../../../arm-none-eabi/lib/thumb/v7e-m/fpv4-sp/hard/libc.a(lib_a-timesr.o)
 .ARM.attributes
                0x0000000000000000       0x34 /usr/lib/gcc/arm-none-eabi/6.3.1/../../../arm-none-eabi/lib/thumb/v7e-m/fpv4-sp/hard/libc.a(lib_a-timesr.o)
 .text          0x0000000000000000       0x10 /usr/lib/gcc/arm-none-eabi/6.3.1/../../../arm-none-eabi/lib/thumb/v7e-m/fpv4-sp/hard/libnosys.a(times.o)
 .data          0x0000000000000000        0x0 /usr/lib/gcc/arm-none-eabi/6.3.1/../../../arm-none-eabi/lib/thumb/v7e-m/fpv4-sp/hard/libnosys.a(times.o)
 .bss           0x0000000000000000        0x0 /usr/lib/gcc/arm-none-eabi/6.3.1/../../../arm-none-eabi/lib/thumb/v7e-m/fpv4-sp/hard/libnosys.a(times.o)
 .stab          0x0000000000000000       0x24 /usr/lib/gcc/arm-none-eabi/6.3.1/../../../arm-none-eabi/lib/thumb/v7e-m/fpv4-sp/hard/libnosys.a(times.o)
 .debug_info    0x0000000000000000      0x933 /usr/lib/gcc/arm-none-eabi/6.3.1/../../../arm-none-eabi/lib/thumb/v7e-m/fpv4-sp/hard/libnosys.a(times.o)
 .debug_abbrev  0x0000000000000000      0x1c5 /usr/lib/gcc/arm-none-eabi/6.3.1/../../../arm-none-eabi/lib/thumb/v7e-m/fpv4-sp/hard/libnosys.a(times.o)
 .debug_loc     0x0000000000000000       0x21 /usr/lib/gcc/arm-none-eabi/6.3.1/../../../arm-none-eabi/lib/thumb/v7e-m/fpv4-sp/hard/libnosys.a(times.o)
 .debug_aranges
                0x0000000000000000       0x20 /usr/lib/gcc/arm-none-eabi/6.3.1/../../../arm-none-eabi/lib/thumb/v7e-m/fpv4-sp/hard/libnosys.a(times.o)
 .debug_line    0x0000000000000000      0x112 /usr/lib/gcc/arm-none-eabi/6.3.1/../../../arm-none-eabi/lib/thumb/v7e-m/fpv4-sp/hard/libnosys.a(times.o)
 .debug_str     0x0000000000000000      0x5c9 /usr/lib/gcc/arm-none-eabi/6.3.1/../../../arm-none-eabi/lib/thumb/v7e-m/fpv4-sp/hard/libnosys.a(times.o)
 .comment       0x0000000000000000       0x32 /usr/lib/gcc/arm-none-eabi/6.3.1/../../../arm-none-eabi/lib/thumb/v7e-m/fpv4-sp/hard/libnosys.a(times.o)
 .debug_frame   0x0000000000000000       0x20 /usr/lib/gcc/arm-none-eabi/6.3.1/../../../arm-none-eabi/lib/thumb/v7e-m/fpv4-sp/hard/libnosys.a(times.o)
 .ARM.attributes
                0x0000000000000000       0x34 /usr/lib/gcc/arm-none-eabi/6.3.1/../../../arm-none-eabi/lib/thumb/v7e-m/fpv4-sp/hard/libnosys.a(times.o)
 .text          0x0000000000000000        0x0 /usr/lib/gcc/arm-none-eabi/6.3.1/../../../arm-none-eabi/lib/thumb/v7e-m/fpv4-sp/hard/libnosys.a(errno.o)
 .data          0x0000000000000000        0x0 /usr/lib/gcc/arm-none-eabi/6.3.1/../../../arm-none-eabi/lib/thumb/v7e-m/fpv4-sp/hard/libnosys.a(errno.o)
 .bss           0x0000000000000000        0x0 /usr/lib/gcc/arm-none-eabi/6.3.1/../../../arm-none-eabi/lib/thumb/v7e-m/fpv4-sp/hard/libnosys.a(errno.o)
 .debug_info    0x0000000000000000       0x36 /usr/lib/gcc/arm-none-eabi/6.3.1/../../../arm-none-eabi/lib/thumb/v7e-m/fpv4-sp/hard/libnosys.a(errno.o)
 .debug_abbrev  0x0000000000000000       0x2c /usr/lib/gcc/arm-none-eabi/6.3.1/../../../arm-none-eabi/lib/thumb/v7e-m/fpv4-sp/hard/libnosys.a(errno.o)
 .debug_aranges
                0x0000000000000000       0x18 /usr/lib/gcc/arm-none-eabi/6.3.1/../../../arm-none-eabi/lib/thumb/v7e-m/fpv4-sp/hard/libnosys.a(errno.o)
 .debug_line    0x0000000000000000       0x52 /usr/lib/gcc/arm-none-eabi/6.3.1/../../../arm-none-eabi/lib/thumb/v7e-m/fpv4-sp/hard/libnosys.a(errno.o)
 .debug_str     0x0000000000000000      0x106 /usr/lib/gcc/arm-none-eabi/6.3.1/../../../arm-none-eabi/lib/thumb/v7e-m/fpv4-sp/hard/libnosys.a(errno.o)
 .comment       0x0000000000000000       0x32 /usr/lib/gcc/arm-none-eabi/6.3.1/../../../arm-none-eabi/lib/thumb/v7e-m/fpv4-sp/hard/libnosys.a(errno.o)
 .ARM.attributes
                0x0000000000000000       0x34 /usr/lib/gcc/arm-none-eabi/6.3.1/../../../arm-none-eabi/lib/thumb/v7e-m/fpv4-sp/hard/libnosys.a(errno.o)
 COMMON         0x0000000000000000        0x4 /usr/lib/gcc/arm-none-eabi/6.3.1/../../../arm-none-eabi/lib/thumb/v7e-m/fpv4-sp/hard/libnosys.a(errno.o)
 .text          0x0000000000000000        0x0 ../../common//libstmcommon.a(system_stm32f4xx.o)
 .data          0x0000000000000000        0x0 ../../common//libstmcommon.a(system_stm32f4xx.o)
 .bss           0x0000000000000000        0x0 ../../common//libstmcommon.a(system_stm32f4xx.o)
 .data.SystemCoreClock
                0x0000000000000000        0x4 ../../common//libstmcommon.a(system_stm32f4xx.o)
 .data.AHBPrescTable
                0x0000000000000000       0x10 ../../common//libstmcommon.a(system_stm32f4xx.o)
 .text.SystemCoreClockUpdate
                0x0000000000000000       0xf8 ../../common//libstmcommon.a(system_stm32f4xx.o)
 .text          0x0000000000000000        0x0 ../../stm_spl//libstm_spl.a(stm32f4xx_gpio.o)
 .data          0x0000000000000000        0x0 ../../stm_spl//libstm_spl.a(stm32f4xx_gpio.o)
 .bss           0x0000000000000000        0x0 ../../stm_spl//libstm_spl.a(stm32f4xx_gpio.o)
 .text.GPIO_DeInit
                0x0000000000000000      0x164 ../../stm_spl//libstm_spl.a(stm32f4xx_gpio.o)
 .text.GPIO_StructInit
                0x0000000000000000       0x34 ../../stm_spl//libstm_spl.a(stm32f4xx_gpio.o)
 .text.GPIO_PinLockConfig
                0x0000000000000000       0x44 ../../stm_spl//libstm_spl.a(stm32f4xx_gpio.o)
 .text.GPIO_ReadInputData
                0x0000000000000000       0x1a ../../stm_spl//libstm_spl.a(stm32f4xx_gpio.o)
 .text.GPIO_ReadOutputDataBit
                0x0000000000000000       0x34 ../../stm_spl//libstm_spl.a(stm32f4xx_gpio.o)
 .text.GPIO_ReadOutputData
                0x0000000000000000       0x1a ../../stm_spl//libstm_spl.a(stm32f4xx_gpio.o)
 .text.GPIO_WriteBit
                0x0000000000000000       0x30 ../../stm_spl//libstm_spl.a(stm32f4xx_gpio.o)
 .text.GPIO_Write
                0x0000000000000000       0x1e ../../stm_spl//libstm_spl.a(stm32f4xx_gpio.o)
 .text.GPIO_ToggleBits
                0x0000000000000000       0x24 ../../stm_spl//libstm_spl.a(stm32f4xx_gpio.o)
 .text.GPIO_PinAFConfig
                0x0000000000000000       0x92 ../../stm_spl//libstm_spl.a(stm32f4xx_gpio.o)
 .text          0x0000000000000000        0x0 ../../stm_spl//libstm_spl.a(stm32f4xx_rcc.o)
 .data          0x0000000000000000        0x0 ../../stm_spl//libstm_spl.a(stm32f4xx_rcc.o)
 .bss           0x0000000000000000        0x0 ../../stm_spl//libstm_spl.a(stm32f4xx_rcc.o)
 .data.APBAHBPrescTable
                0x0000000000000000       0x10 ../../stm_spl//libstm_spl.a(stm32f4xx_rcc.o)
 .text.RCC_DeInit
                0x0000000000000000       0x70 ../../stm_spl//libstm_spl.a(stm32f4xx_rcc.o)
 .text.RCC_AdjustHSICalibrationValue
                0x0000000000000000       0x3c ../../stm_spl//libstm_spl.a(stm32f4xx_rcc.o)
 .text.RCC_HSICmd
                0x0000000000000000       0x20 ../../stm_spl//libstm_spl.a(stm32f4xx_rcc.o)
 .text.RCC_LSEConfig
                0x0000000000000000       0x44 ../../stm_spl//libstm_spl.a(stm32f4xx_rcc.o)
 .text.RCC_LSICmd
                0x0000000000000000       0x20 ../../stm_spl//libstm_spl.a(stm32f4xx_rcc.o)
 .text.RCC_PLLI2SConfig
                0x0000000000000000       0x2c ../../stm_spl//libstm_spl.a(stm32f4xx_rcc.o)
 .text.RCC_PLLI2SCmd
                0x0000000000000000       0x20 ../../stm_spl//libstm_spl.a(stm32f4xx_rcc.o)
 .text.RCC_PLLSAIConfig
                0x0000000000000000       0x34 ../../stm_spl//libstm_spl.a(stm32f4xx_rcc.o)
 .text.RCC_PLLSAICmd
                0x0000000000000000       0x20 ../../stm_spl//libstm_spl.a(stm32f4xx_rcc.o)
 .text.RCC_ClockSecuritySystemCmd
                0x0000000000000000       0x20 ../../stm_spl//libstm_spl.a(stm32f4xx_rcc.o)
 .text.RCC_MCO1Config
                0x0000000000000000       0x40 ../../stm_spl//libstm_spl.a(stm32f4xx_rcc.o)
 .text.RCC_MCO2Config
                0x0000000000000000       0x40 ../../stm_spl//libstm_spl.a(stm32f4xx_rcc.o)
 .text.RCC_HCLKConfig
                0x0000000000000000       0x38 ../../stm_spl//libstm_spl.a(stm32f4xx_rcc.o)
 .text.RCC_PCLK1Config
                0x0000000000000000       0x38 ../../stm_spl//libstm_spl.a(stm32f4xx_rcc.o)
 .text.RCC_PCLK2Config
                0x0000000000000000       0x3c ../../stm_spl//libstm_spl.a(stm32f4xx_rcc.o)
 .text.RCC_GetClocksFreq
                0x0000000000000000      0x150 ../../stm_spl//libstm_spl.a(stm32f4xx_rcc.o)
 .text.RCC_RTCCLKConfig
                0x0000000000000000       0x5c ../../stm_spl//libstm_spl.a(stm32f4xx_rcc.o)
 .text.RCC_RTCCLKCmd
                0x0000000000000000       0x20 ../../stm_spl//libstm_spl.a(stm32f4xx_rcc.o)
 .text.RCC_BackupResetCmd
                0x0000000000000000       0x20 ../../stm_spl//libstm_spl.a(stm32f4xx_rcc.o)
 .text.RCC_I2SCLKConfig
                0x0000000000000000       0x20 ../../stm_spl//libstm_spl.a(stm32f4xx_rcc.o)
 .text.RCC_SAIBlockACLKConfig
                0x0000000000000000       0x3c ../../stm_spl//libstm_spl.a(stm32f4xx_rcc.o)
 .text.RCC_SAIBlockBCLKConfig
                0x0000000000000000       0x3c ../../stm_spl//libstm_spl.a(stm32f4xx_rcc.o)
 .text.RCC_SAIPLLI2SClkDivConfig
                0x0000000000000000       0x40 ../../stm_spl//libstm_spl.a(stm32f4xx_rcc.o)
 .text.RCC_SAIPLLSAIClkDivConfig
                0x0000000000000000       0x40 ../../stm_spl//libstm_spl.a(stm32f4xx_rcc.o)
 .text.RCC_LTDCCLKDivConfig
                0x0000000000000000       0x3c ../../stm_spl//libstm_spl.a(stm32f4xx_rcc.o)
 .text.RCC_TIMCLKPresConfig
                0x0000000000000000       0x20 ../../stm_spl//libstm_spl.a(stm32f4xx_rcc.o)
 .text.RCC_AHB2PeriphClockCmd
                0x0000000000000000       0x40 ../../stm_spl//libstm_spl.a(stm32f4xx_rcc.o)
 .text.RCC_AHB3PeriphClockCmd
                0x0000000000000000       0x40 ../../stm_spl//libstm_spl.a(stm32f4xx_rcc.o)
 .text.RCC_APB1PeriphClockCmd
                0x0000000000000000       0x40 ../../stm_spl//libstm_spl.a(stm32f4xx_rcc.o)
 .text.RCC_APB2PeriphClockCmd
                0x0000000000000000       0x40 ../../stm_spl//libstm_spl.a(stm32f4xx_rcc.o)
 .text.RCC_AHB1PeriphResetCmd
                0x0000000000000000       0x40 ../../stm_spl//libstm_spl.a(stm32f4xx_rcc.o)
 .text.RCC_AHB2PeriphResetCmd
                0x0000000000000000       0x40 ../../stm_spl//libstm_spl.a(stm32f4xx_rcc.o)
 .text.RCC_AHB3PeriphResetCmd
                0x0000000000000000       0x40 ../../stm_spl//libstm_spl.a(stm32f4xx_rcc.o)
 .text.RCC_APB1PeriphResetCmd
                0x0000000000000000       0x40 ../../stm_spl//libstm_spl.a(stm32f4xx_rcc.o)
 .text.RCC_APB2PeriphResetCmd
                0x0000000000000000       0x40 ../../stm_spl//libstm_spl.a(stm32f4xx_rcc.o)
 .text.RCC_AHB1PeriphClockLPModeCmd
                0x0000000000000000       0x40 ../../stm_spl//libstm_spl.a(stm32f4xx_rcc.o)
 .text.RCC_AHB2PeriphClockLPModeCmd
                0x0000000000000000       0x40 ../../stm_spl//libstm_spl.a(stm32f4xx_rcc.o)
 .text.RCC_AHB3PeriphClockLPModeCmd
                0x0000000000000000       0x40 ../../stm_spl//libstm_spl.a(stm32f4xx_rcc.o)
 .text.RCC_APB1PeriphClockLPModeCmd
                0x0000000000000000       0x40 ../../stm_spl//libstm_spl.a(stm32f4xx_rcc.o)
 .text.RCC_APB2PeriphClockLPModeCmd
                0x0000000000000000       0x40 ../../stm_spl//libstm_spl.a(stm32f4xx_rcc.o)
 .text.RCC_LSEModeConfig
                0x0000000000000000       0x3c ../../stm_spl//libstm_spl.a(stm32f4xx_rcc.o)
 .text.RCC_ITConfig
                0x0000000000000000       0x4c ../../stm_spl//libstm_spl.a(stm32f4xx_rcc.o)
 .text.RCC_ClearFlag
                0x0000000000000000       0x20 ../../stm_spl//libstm_spl.a(stm32f4xx_rcc.o)
 .text.RCC_GetITStatus
                0x0000000000000000       0x38 ../../stm_spl//libstm_spl.a(stm32f4xx_rcc.o)
 .text.RCC_ClearITPendingBit
                0x0000000000000000       0x20 ../../stm_spl//libstm_spl.a(stm32f4xx_rcc.o)

Memory Configuration

Name             Origin             Length             Attributes
RAM              0x0000000020000000 0x0000000000020000 xrw
CCMRAM           0x0000000010000000 0x0000000000010000 xrw
FLASH            0x0000000008000000 0x0000000000100000 xr
FLASHB1          0x0000000000000000 0x0000000000000000 xr
EXTMEMB0         0x0000000000000000 0x0000000000000000 xr
EXTMEMB1         0x0000000000000000 0x0000000000000000 xr
EXTMEMB2         0x0000000000000000 0x0000000000000000 xr
EXTMEMB3         0x0000000000000000 0x0000000000000000 xr
MEMORY_ARRAY     0x0000000020002000 0x0000000000000020 xrw
*default*        0x0000000000000000 0xffffffffffffffff

Linker script and memory map

LOAD main.o
LOAD ../../common/as/startup_stm32f40_41xxx.o
START GROUP
LOAD /usr/lib/gcc/arm-none-eabi/6.3.1/../../../arm-none-eabi/lib/thumb/v7e-m/fpv4-sp/hard/libc.a
LOAD /usr/lib/gcc/arm-none-eabi/6.3.1/thumb/v7e-m/fpv4-sp/hard/libgcc.a
LOAD /usr/lib/gcc/arm-none-eabi/6.3.1/../../../arm-none-eabi/lib/thumb/v7e-m/fpv4-sp/hard/libnosys.a
END GROUP
LOAD ../../common//libstmcommon.a
LOAD ../../stm_spl//libstm_spl.a
START GROUP
LOAD /usr/lib/gcc/arm-none-eabi/6.3.1/thumb/v7e-m/fpv4-sp/hard/libgcc.a
LOAD /usr/lib/gcc/arm-none-eabi/6.3.1/../../../arm-none-eabi/lib/thumb/v7e-m/fpv4-sp/hard/libc.a
END GROUP
                0x0000000000004000                __Stack_Size = 0x4000
                [!provide]                        PROVIDE (_Stack_Size, __Stack_Size)
                0x000000002001c000                __Stack_Init = (_estack - __Stack_Size)
                [!provide]                        PROVIDE (_Stack_Init, __Stack_Init)
                0x0000000000004000                _Minimum_Stack_Size = 0x4000
                0x0000000020020000                _estack = 0x20020000

.isr_vector     0x0000000008000000      0x188
                0x0000000008000000                . = ALIGN (0x4)
 *(.isr_vector)
 .isr_vector    0x0000000008000000      0x188 ../../common/as/startup_stm32f40_41xxx.o
                0x0000000008000000                g_pfnVectors
                0x0000000008000188                . = ALIGN (0x4)

.flashtext      0x0000000008000188        0x0
                0x0000000008000188                . = ALIGN (0x4)
 *(.flashtext)
                0x0000000008000188                . = ALIGN (0x4)

.text           0x0000000008000188      0x738
                0x0000000008000188                . = ALIGN (0x4)
 *(.text)
 *(.text.*)
 .text.main     0x0000000008000188      0x10c main.o
                0x0000000008000188                main
 .text.blink_led
                0x0000000008000294       0x50 main.o
                0x0000000008000294                blink_led
 .text.setupClock
                0x00000000080002e4       0x92 main.o
 .text.setupClockHSI
                0x0000000008000376       0x2e main.o
 .text.Reset_Handler
                0x00000000080003a4       0x44 ../../common/as/startup_stm32f40_41xxx.o
                0x00000000080003a4                Reset_Handler
 .text.Default_Handler
                0x00000000080003e8        0x2 ../../common/as/startup_stm32f40_41xxx.o
                0x00000000080003e8                RTC_Alarm_IRQHandler
                0x00000000080003e8                HASH_RNG_IRQHandler
                0x00000000080003e8                EXTI2_IRQHandler
                0x00000000080003e8                TIM8_CC_IRQHandler
                0x00000000080003e8                DebugMon_Handler
                0x00000000080003e8                TIM1_CC_IRQHandler
                0x00000000080003e8                DMA2_Stream5_IRQHandler
                0x00000000080003e8                HardFault_Handler
                0x00000000080003e8                DMA1_Stream5_IRQHandler
                0x00000000080003e8                SysTick_Handler
                0x00000000080003e8                PVD_IRQHandler
                0x00000000080003e8                SDIO_IRQHandler
                0x00000000080003e8                TAMP_STAMP_IRQHandler
                0x00000000080003e8                PendSV_Handler
                0x00000000080003e8                NMI_Handler
                0x00000000080003e8                CAN2_RX1_IRQHandler
                0x00000000080003e8                EXTI3_IRQHandler
                0x00000000080003e8                TIM8_TRG_COM_TIM14_IRQHandler
                0x00000000080003e8                TIM1_UP_TIM10_IRQHandler
                0x00000000080003e8                TIM8_UP_TIM13_IRQHandler
                0x00000000080003e8                I2C3_ER_IRQHandler
                0x00000000080003e8                EXTI0_IRQHandler
                0x00000000080003e8                I2C2_EV_IRQHandler
                0x00000000080003e8                DMA1_Stream2_IRQHandler
                0x00000000080003e8                CAN1_RX0_IRQHandler
                0x00000000080003e8                FPU_IRQHandler
                0x00000000080003e8                OTG_HS_WKUP_IRQHandler
                0x00000000080003e8                UsageFault_Handler
                0x00000000080003e8                CAN2_SCE_IRQHandler
                0x00000000080003e8                DMA2_Stream2_IRQHandler
                0x00000000080003e8                SPI1_IRQHandler
                0x00000000080003e8                TIM6_DAC_IRQHandler
                0x00000000080003e8                TIM1_BRK_TIM9_IRQHandler
                0x00000000080003e8                DCMI_IRQHandler
                0x00000000080003e8                CAN2_RX0_IRQHandler
                0x00000000080003e8                DMA2_Stream3_IRQHandler
                0x00000000080003e8                USART6_IRQHandler
                0x00000000080003e8                USART3_IRQHandler
                0x00000000080003e8                CRYP_IRQHandler
                0x00000000080003e8                CAN1_RX1_IRQHandler
                0x00000000080003e8                UART5_IRQHandler
                0x00000000080003e8                DMA2_Stream0_IRQHandler
                0x00000000080003e8                TIM4_IRQHandler
                0x00000000080003e8                I2C1_EV_IRQHandler
                0x00000000080003e8                DMA1_Stream6_IRQHandler
                0x00000000080003e8                DMA1_Stream1_IRQHandler
                0x00000000080003e8                UART4_IRQHandler
                0x00000000080003e8                TIM3_IRQHandler
                0x00000000080003e8                RCC_IRQHandler
                0x00000000080003e8                TIM8_BRK_TIM12_IRQHandler
                0x00000000080003e8                Default_Handler
                0x00000000080003e8                EXTI15_10_IRQHandler
                0x00000000080003e8                ADC_IRQHandler
                0x00000000080003e8                DMA1_Stream7_IRQHandler
                0x00000000080003e8                TIM7_IRQHandler
                0x00000000080003e8                CAN2_TX_IRQHandler
                0x00000000080003e8                TIM5_IRQHandler
                0x00000000080003e8                DMA2_Stream7_IRQHandler
                0x00000000080003e8                I2C3_EV_IRQHandler
                0x00000000080003e8                EXTI9_5_IRQHandler
                0x00000000080003e8                RTC_WKUP_IRQHandler
                0x00000000080003e8                ETH_WKUP_IRQHandler
                0x00000000080003e8                SPI2_IRQHandler
                0x00000000080003e8                OTG_HS_EP1_IN_IRQHandler
                0x00000000080003e8                MemManage_Handler
                0x00000000080003e8                DMA1_Stream0_IRQHandler
                0x00000000080003e8                CAN1_TX_IRQHandler
                0x00000000080003e8                SVC_Handler
                0x00000000080003e8                EXTI4_IRQHandler
                0x00000000080003e8                FSMC_IRQHandler
                0x00000000080003e8                ETH_IRQHandler
                0x00000000080003e8                OTG_HS_EP1_OUT_IRQHandler
                0x00000000080003e8                WWDG_IRQHandler
                0x00000000080003e8                TIM2_IRQHandler
                0x00000000080003e8                OTG_FS_WKUP_IRQHandler
                0x00000000080003e8                TIM1_TRG_COM_TIM11_IRQHandler
                0x00000000080003e8                OTG_HS_IRQHandler
                0x00000000080003e8                EXTI1_IRQHandler
                0x00000000080003e8                USART2_IRQHandler
                0x00000000080003e8                I2C2_ER_IRQHandler
                0x00000000080003e8                DMA2_Stream1_IRQHandler
                0x00000000080003e8                CAN1_SCE_IRQHandler
                0x00000000080003e8                FLASH_IRQHandler
                0x00000000080003e8                DMA2_Stream4_IRQHandler
                0x00000000080003e8                BusFault_Handler
                0x00000000080003e8                USART1_IRQHandler
                0x00000000080003e8                OTG_FS_IRQHandler
                0x00000000080003e8                SPI3_IRQHandler
                0x00000000080003e8                DMA1_Stream4_IRQHandler
                0x00000000080003e8                I2C1_ER_IRQHandler
                0x00000000080003e8                DMA2_Stream6_IRQHandler
                0x00000000080003e8                DMA1_Stream3_IRQHandler
 *fill*         0x00000000080003ea        0x2 
 .text.SystemInit
                0x00000000080003ec       0x6c ../../common//libstmcommon.a(system_stm32f4xx.o)
                0x00000000080003ec                SystemInit
 .text.SetSysClock
                0x0000000008000458       0xf8 ../../common//libstmcommon.a(system_stm32f4xx.o)
 .text.GPIO_Init
                0x0000000008000550      0x11c ../../stm_spl//libstm_spl.a(stm32f4xx_gpio.o)
                0x0000000008000550                GPIO_Init
 .text.GPIO_ReadInputDataBit
                0x000000000800066c       0x34 ../../stm_spl//libstm_spl.a(stm32f4xx_gpio.o)
                0x000000000800066c                GPIO_ReadInputDataBit
 .text.GPIO_SetBits
                0x00000000080006a0       0x1e ../../stm_spl//libstm_spl.a(stm32f4xx_gpio.o)
                0x00000000080006a0                GPIO_SetBits
 .text.GPIO_ResetBits
                0x00000000080006be       0x1e ../../stm_spl//libstm_spl.a(stm32f4xx_gpio.o)
                0x00000000080006be                GPIO_ResetBits
 .text.RCC_HSEConfig
                0x00000000080006dc       0x28 ../../stm_spl//libstm_spl.a(stm32f4xx_rcc.o)
                0x00000000080006dc                RCC_HSEConfig
 .text.RCC_WaitForHSEStartUp
                0x0000000008000704       0x50 ../../stm_spl//libstm_spl.a(stm32f4xx_rcc.o)
                0x0000000008000704                RCC_WaitForHSEStartUp
 .text.RCC_PLLConfig
                0x0000000008000754       0x40 ../../stm_spl//libstm_spl.a(stm32f4xx_rcc.o)
                0x0000000008000754                RCC_PLLConfig
 .text.RCC_PLLCmd
                0x0000000008000794       0x20 ../../stm_spl//libstm_spl.a(stm32f4xx_rcc.o)
                0x0000000008000794                RCC_PLLCmd
 .text.RCC_SYSCLKConfig
                0x00000000080007b4       0x38 ../../stm_spl//libstm_spl.a(stm32f4xx_rcc.o)
                0x00000000080007b4                RCC_SYSCLKConfig
 .text.RCC_GetSYSCLKSource
                0x00000000080007ec       0x20 ../../stm_spl//libstm_spl.a(stm32f4xx_rcc.o)
                0x00000000080007ec                RCC_GetSYSCLKSource
 .text.RCC_AHB1PeriphClockCmd
                0x000000000800080c       0x40 ../../stm_spl//libstm_spl.a(stm32f4xx_rcc.o)
                0x000000000800080c                RCC_AHB1PeriphClockCmd
 .text.RCC_GetFlagStatus
                0x000000000800084c       0x74 ../../stm_spl//libstm_spl.a(stm32f4xx_rcc.o)
                0x000000000800084c                RCC_GetFlagStatus
 *(.rodata)
 *(.rodata*)
 *(.glue_7)
 .glue_7        0x00000000080008c0        0x0 linker stubs
 *(.glue_7t)
 .glue_7t       0x00000000080008c0        0x0 linker stubs
                0x00000000080008c0                . = ALIGN (0x4)
                0x00000000080008c0                _etext = .
                0x00000000080008c0                _sidata = _etext

.vfp11_veneer   0x00000000080008c0        0x0
 .vfp11_veneer  0x00000000080008c0        0x0 linker stubs

.v4_bx          0x00000000080008c0        0x0
 .v4_bx         0x00000000080008c0        0x0 linker stubs

.iplt           0x00000000080008c0        0x0
 .iplt          0x00000000080008c0        0x0 main.o

.rel.dyn        0x00000000080008c0        0x0
 .rel.iplt      0x00000000080008c0        0x0 main.o

.ROarraySection
 *(.ROarraySection)

.data           0x0000000020000000        0x0 load address 0x00000000080008c0
                0x0000000020000000                . = ALIGN (0x4)
                0x0000000020000000                _sdata = .
 *(.data)
 *(.data.*)
                0x0000000020000000                . = ALIGN (0x4)
                0x0000000020000000                _edata = .

.igot.plt       0x0000000020000000        0x0
 .igot.plt      0x0000000020000000        0x0 main.o

.bss            0x0000000020000000        0x0
                0x0000000020000000                . = ALIGN (0x4)
                0x0000000020000000                _sbss = .
 *(.bss)
 *(COMMON)
                0x0000000020000000                . = ALIGN (0x4)
                0x0000000020000000                _ebss = .
                [!provide]                        PROVIDE (end, _ebss)
                [!provide]                        PROVIDE (_end, _ebss)

._usrstack      0x0000000020000000     0x4000
                0x0000000020000000                . = ALIGN (0x4)
                0x0000000020000000                _susrstack = .
                0x0000000020004000                . = (. + _Minimum_Stack_Size)
 *fill*         0x0000000020000000     0x4000 
                0x0000000020004000                . = ALIGN (0x4)
                0x0000000020004000                _eusrstack = .

.b1text
 *(.b1text)
 *(.b1rodata)
 *(.b1rodata*)

.eb0text
 *(.eb0text)
 *(.eb0rodata)
 *(.eb0rodata*)

.eb1text
 *(.eb1text)
 *(.eb1rodata)
 *(.eb1rodata*)

.eb2text
 *(.eb2text)
 *(.eb2rodata)
 *(.eb2rodata*)

.eb3text
 *(.eb3text)
 *(.eb3rodata)
 *(.eb3rodata*)

DISCARD
 libc.a(*)
 libm.a(*)
 libgcc.a(*)

.stab
 *(.stab)

.stabstr        0x0000000000000000       0x3f
 *(.stabstr)
 .stabstr       0x0000000000000000       0x3f /usr/lib/gcc/arm-none-eabi/6.3.1/../../../arm-none-eabi/lib/thumb/v7e-m/fpv4-sp/hard/libnosys.a(times.o)

.stab.excl
 *(.stab.excl)

.stab.exclstr
 *(.stab.exclstr)

.stab.index
 *(.stab.index)

.stab.indexstr
 *(.stab.indexstr)

.comment        0x0000000000000000       0x31
 *(.comment)
 .comment       0x0000000000000000       0x31 main.o
                                         0x32 (size before relaxing)
 .comment       0x0000000000000031       0x32 ../../common//libstmcommon.a(system_stm32f4xx.o)
 .comment       0x0000000000000031       0x32 ../../stm_spl//libstm_spl.a(stm32f4xx_gpio.o)
 .comment       0x0000000000000031       0x32 ../../stm_spl//libstm_spl.a(stm32f4xx_rcc.o)

.ARM.attributes
                0x0000000000000000       0x37
 .ARM.attributes
                0x0000000000000000       0x39 main.o
 .ARM.attributes
                0x0000000000000039       0x21 ../../common/as/startup_stm32f40_41xxx.o
 .ARM.attributes
                0x000000000000005a       0x39 ../../common//libstmcommon.a(system_stm32f4xx.o)
 .ARM.attributes
                0x0000000000000093       0x39 ../../stm_spl//libstm_spl.a(stm32f4xx_gpio.o)
 .ARM.attributes
                0x00000000000000cc       0x39 ../../stm_spl//libstm_spl.a(stm32f4xx_rcc.o)

.debug
 *(.debug)

.line
 *(.line)

.debug_srcinfo
 *(.debug_srcinfo)

.debug_sfnames
 *(.debug_sfnames)

.debug_aranges  0x0000000000000000      0x2b8
 *(.debug_aranges)
 .debug_aranges
                0x0000000000000000       0x40 main.o
 .debug_aranges
                0x0000000000000040       0x30 ../../common//libstmcommon.a(system_stm32f4xx.o)
 .debug_aranges
                0x0000000000000070       0x88 ../../stm_spl//libstm_spl.a(stm32f4xx_gpio.o)
 .debug_aranges
                0x00000000000000f8      0x1c0 ../../stm_spl//libstm_spl.a(stm32f4xx_rcc.o)

.debug_pubnames
 *(.debug_pubnames)

.debug_info     0x0000000000000000     0x2769
 *(.debug_info .gnu.linkonce.wi.*)
 .debug_info    0x0000000000000000      0xcc9 main.o
 .debug_info    0x0000000000000cc9      0x611 ../../common//libstmcommon.a(system_stm32f4xx.o)
 .debug_info    0x00000000000012da      0x628 ../../stm_spl//libstm_spl.a(stm32f4xx_gpio.o)
 .debug_info    0x0000000000001902      0xe67 ../../stm_spl//libstm_spl.a(stm32f4xx_rcc.o)

.debug_abbrev   0x0000000000000000      0x761
 *(.debug_abbrev)
 .debug_abbrev  0x0000000000000000      0x282 main.o
 .debug_abbrev  0x0000000000000282      0x158 ../../common//libstmcommon.a(system_stm32f4xx.o)
 .debug_abbrev  0x00000000000003da      0x1b8 ../../stm_spl//libstm_spl.a(stm32f4xx_gpio.o)
 .debug_abbrev  0x0000000000000592      0x1cf ../../stm_spl//libstm_spl.a(stm32f4xx_rcc.o)

.debug_line     0x0000000000000000      0xc2b
 *(.debug_line)
 .debug_line    0x0000000000000000      0x262 main.o
 .debug_line    0x0000000000000262      0x176 ../../common//libstmcommon.a(system_stm32f4xx.o)
 .debug_line    0x00000000000003d8      0x2b0 ../../stm_spl//libstm_spl.a(stm32f4xx_gpio.o)
 .debug_line    0x0000000000000688      0x5a3 ../../stm_spl//libstm_spl.a(stm32f4xx_rcc.o)

.debug_frame    0x0000000000000000      0xbb0
 *(.debug_frame)
 .debug_frame   0x0000000000000000       0xbc main.o
 .debug_frame   0x00000000000000bc       0x7c ../../common//libstmcommon.a(system_stm32f4xx.o)
 .debug_frame   0x0000000000000138      0x23c ../../stm_spl//libstm_spl.a(stm32f4xx_gpio.o)
 .debug_frame   0x0000000000000374      0x83c ../../stm_spl//libstm_spl.a(stm32f4xx_rcc.o)

.debug_str      0x0000000000000000     0x1264
 *(.debug_str)
 .debug_str     0x0000000000000000      0x7c7 main.o
                                        0x84e (size before relaxing)
 .debug_str     0x00000000000007c7      0x24a ../../common//libstmcommon.a(system_stm32f4xx.o)
                                        0x3e7 (size before relaxing)
 .debug_str     0x0000000000000a11      0x1b6 ../../stm_spl//libstm_spl.a(stm32f4xx_gpio.o)
                                        0x4c6 (size before relaxing)
 .debug_str     0x0000000000000bc7      0x69d ../../stm_spl//libstm_spl.a(stm32f4xx_rcc.o)
                                        0x9e8 (size before relaxing)

.debug_loc
 *(.debug_loc)

.debug_macinfo
 *(.debug_macinfo)

.debug_weaknames
 *(.debug_weaknames)

.debug_funcnames
 *(.debug_funcnames)

.debug_typenames
 *(.debug_typenames)

.debug_varnames
 *(.debug_varnames)
OUTPUT(main.elf elf32-littlearm)

.debug_ranges   0x0000000000000000      0x278
 .debug_ranges  0x0000000000000000       0x30 main.o
 .debug_ranges  0x0000000000000030       0x20 ../../common//libstmcommon.a(system_stm32f4xx.o)
 .debug_ranges  0x0000000000000050       0x78 ../../stm_spl//libstm_spl.a(stm32f4xx_gpio.o)
 .debug_ranges  0x00000000000000c8      0x1b0 ../../stm_spl//libstm_spl.a(stm32f4xx_rcc.o)
